// Jest Snapshot v1, https://goo.gl/fbAQLP

exports[`App router component snapshot 1`] = `
<AppProvider
  store="testStore"
>
  <InjectIntl(ShimmedIntlComponent) />
  <BrowserRouter>
    <div>
      <Header />
      <main>
        <Component>
          <Route
            element={<GradebookPage />}
            path="/:courseId"
          />
        </Component>
      </main>
      <Footer />
    </div>
  </BrowserRouter>
</AppProvider>
`;
